sdworlld@0qKKkjgGSCulmW8XMW2t:~/isp/radius$ sudo systemctl start freeradius
Job for freeradius.service failed because the control process exited with error code.
See "systemctl status freeradius.service" and "journalctl -xeu freeradius.service" for details.
sdworlld@0qKKkjgGSCulmW8XMW2t:~/isp/radius$ systemctl status freeradius.service
‚óè freeradius.service - FreeRADIUS multi-protocol policy server
     Loaded: loaded (/lib/systemd/system/freeradius.service; enabled; vendor preset: enabled)
     Active: activating (auto-restart) (Result: exit-code) since Sun 2025-04-13 16:40:50 IST; 2s ago
       Docs: man:radiusd(8)
             man:radiusd.conf(5)
             http://wiki.freeradius.org/
             http://networkradius.com/doc/
    Process: 39039 ExecStartPre=/usr/sbin/freeradius $FREERADIUS_OPTIONS -Cx -lstdout (code=exited, status=1/FAILURE)
        CPU: 193ms
sdworlld@0qKKkjgGSCulmW8XMW2t:~/isp/radius$



sdworlld@0qKKkjgGSCulmW8XMW2t:~/isp/radius$ sudo freeradius -XC
FreeRADIUS Version 3.0.26
Copyright (C) 1999-2021 The FreeRADIUS server project and contributors
There is NO warranty; not even for MERCHANTABILITY or FITNESS FOR A
PARTICULAR PURPOSE
You may redistribute copies of FreeRADIUS under the terms of the
GNU General Public License
For more information about these matters, see the file named COPYRIGHT
Starting - reading configuration files ...
including dictionary file /usr/share/freeradius/dictionary
including dictionary file /usr/share/freeradius/dictionary.dhcp
including dictionary file /usr/share/freeradius/dictionary.vqp
including dictionary file /etc/freeradius/3.0/dictionary
including configuration file /etc/freeradius/3.0/radiusd.conf
including configuration file /etc/freeradius/3.0/proxy.conf
including configuration file /etc/freeradius/3.0/clients.conf
including files in directory /etc/freeradius/3.0/mods-enabled/
including configuration file /etc/freeradius/3.0/mods-enabled/digest
including configuration file /etc/freeradius/3.0/mods-enabled/expiration
including configuration file /etc/freeradius/3.0/mods-enabled/soh
including configuration file /etc/freeradius/3.0/mods-enabled/detail.log
including configuration file /etc/freeradius/3.0/mods-enabled/pap
including configuration file /etc/freeradius/3.0/mods-enabled/utf8
including configuration file /etc/freeradius/3.0/mods-enabled/linelog
including configuration file /etc/freeradius/3.0/mods-enabled/always
including configuration file /etc/freeradius/3.0/mods-enabled/ntlm_auth
including configuration file /etc/freeradius/3.0/mods-enabled/expr
including configuration file /etc/freeradius/3.0/mods-enabled/preprocess
including configuration file /etc/freeradius/3.0/mods-enabled/attr_filter
including configuration file /etc/freeradius/3.0/mods-enabled/detail
including configuration file /etc/freeradius/3.0/mods-enabled/files
including configuration file /etc/freeradius/3.0/mods-enabled/sql
including configuration file /etc/freeradius/3.0/mods-config/sql/main/sqlite/queries.conf
including configuration file /etc/freeradius/3.0/mods-enabled/realm
including configuration file /etc/freeradius/3.0/mods-enabled/passwd
including configuration file /etc/freeradius/3.0/mods-enabled/dynamic_clients
including configuration file /etc/freeradius/3.0/mods-enabled/chap
including configuration file /etc/freeradius/3.0/mods-enabled/radutmp
including configuration file /etc/freeradius/3.0/mods-enabled/unpack
including configuration file /etc/freeradius/3.0/mods-enabled/logintime
including configuration file /etc/freeradius/3.0/mods-enabled/unix
including configuration file /etc/freeradius/3.0/mods-enabled/cache_eap
including configuration file /etc/freeradius/3.0/mods-enabled/sradutmp
including configuration file /etc/freeradius/3.0/mods-enabled/echo
including configuration file /etc/freeradius/3.0/mods-enabled/mschap
including configuration file /etc/freeradius/3.0/mods-enabled/replicate
including configuration file /etc/freeradius/3.0/mods-enabled/exec
including configuration file /etc/freeradius/3.0/mods-enabled/eap
including files in directory /etc/freeradius/3.0/policy.d/
including configuration file /etc/freeradius/3.0/policy.d/dhcp
including configuration file /etc/freeradius/3.0/policy.d/debug
including configuration file /etc/freeradius/3.0/policy.d/moonshot-targeted-ids
including configuration file /etc/freeradius/3.0/policy.d/abfab-tr
including configuration file /etc/freeradius/3.0/policy.d/filter
including configuration file /etc/freeradius/3.0/policy.d/cui
including configuration file /etc/freeradius/3.0/policy.d/openvpn
/etc/freeradius/3.0/policy.d/openvpn[19]: Expecting section start brace '{' after "reject Invalid username format"
Errors reading or parsing /etc/freeradius/3.0/radiusd.conf
sdworlld@0qKKkjgGSCulmW8XMW2t:~/isp/radius$



sdworlld@0qKKkjgGSCulmW8XMW2t:~/isp/radius$ sudo -u postgres psql
could not change directory to "/home/sdworlld/isp/radius": Permission denied
psql (14.17 (Ubuntu 14.17-0ubuntu0.22.04.1))
Type "help" for help.

postgres=# help
You are using psql, the command-line interface to PostgreSQL.
Type:  \copyright for distribution terms
       \h for help with SQL commands
       \? for help with psql commands
       \g or terminate with semicolon to execute query
       \q to quit
postgres=# \q
sdworlld@0qKKkjgGSCulmW8XMW2t:~/isp/radius$
sdworlld@0qKKkjgGSCulmW8XMW2t:~/isp/radius$
sdworlld@0qKKkjgGSCulmW8XMW2t:~/isp/radius$
sdworlld@0qKKkjgGSCulmW8XMW2t:~/isp/radius$ psql -U radius -d radius
psql: error: connection to server on socket "/var/run/postgresql/.s.PGSQL.5432" failed: FATAL:  Peer authentication failed for user "radius"
sdworlld@0qKKkjgGSCulmW8XMW2t:~/isp/radius$