sdworlld@0qKKkjgGSCulmW8XMW2t:~/isp/radius$ sudo -u postgres psql -c "GRANT ALL PRIVILEGES ON DATABASE radius TO radius;"
could not change directory to "/home/sdworlld/isp/radius": Permission denied
GRANT
sdworlld@0qKKkjgGSCulmW8XMW2t:~/isp/radius$

sdworlld@0qKKkjgGSCulmW8XMW2t:~/isp/radius$ sudo -u postgres psql -c "GRANT ALL PRIVILEGES ON ALL TABLES IN SCHEMA public TO radius;" radius
could not change directory to "/home/sdworlld/isp/radius": Permission denied
GRANT
sdworlld@0qKKkjgGSCulmW8XMW2t:~/isp/radius$



sdworlld@0qKKkjgGSCulmW8XMW2t:~/isp/radius$ sudo bash ./radius.sh fix
/home/sdworlld/isp/radius/modules/install.sh: line 374: syntax error near unexpected token `}'
/home/sdworlld/isp/radius/modules/install.sh: line 374: `        }'

==== Fixing Common Issues ====

[2025-04-13 16:35:51] Checking for common issues...
[2025-04-13 16:35:51] Fixing directory permissions...
[2025-04-13 16:35:51] Checking OpenVPN policy syntax...
[2025-04-13 16:35:51] Restarting FreeRADIUS service...
Job for freeradius.service failed because the control process exited with error code.
See "systemctl status freeradius.service" and "journalctl -xeu freeradius.service" for details.
[2025-04-13 16:35:54] ERROR: FreeRADIUS service failed to start.
Apr 13 16:21:23 0qKKkjgGSCulmW8XMW2t.xenax-cloud.com freeradius[38390]: /etc/freeradius/3.0/policy.d/openvpn[19]: Expecting section start brace '{' after "reject Invalid username format"
Apr 13 16:21:23 0qKKkjgGSCulmW8XMW2t.xenax-cloud.com freeradius[38390]: Errors reading or parsing /etc/freeradius/3.0/radiusd.conf
Apr 13 16:21:23 0qKKkjgGSCulmW8XMW2t.xenax-cloud.com systemd[1]: freeradius.service: Control process exited, code=exited, status=1/FAILURE
Apr 13 16:21:23 0qKKkjgGSCulmW8XMW2t.xenax-cloud.com systemd[1]: freeradius.service: Failed with result 'exit-code'.
Apr 13 16:21:23 0qKKkjgGSCulmW8XMW2t.xenax-cloud.com systemd[1]: Failed to start FreeRADIUS multi-protocol policy server.
Apr 13 16:21:24 0qKKkjgGSCulmW8XMW2t.xenax-cloud.com systemd[1]: Stopped FreeRADIUS multi-protocol policy server.
Apr 13 16:35:53 0qKKkjgGSCulmW8XMW2t.xenax-cloud.com systemd[1]: Starting FreeRADIUS multi-protocol policy server...
Apr 13 16:35:54 0qKKkjgGSCulmW8XMW2t.xenax-cloud.com freeradius[38916]: FreeRADIUS Version 3.0.26
Apr 13 16:35:54 0qKKkjgGSCulmW8XMW2t.xenax-cloud.com freeradius[38916]: Copyright (C) 1999-2021 The FreeRADIUS server project and contributors
Apr 13 16:35:54 0qKKkjgGSCulmW8XMW2t.xenax-cloud.com freeradius[38916]: There is NO warranty; not even for MERCHANTABILITY or FITNESS FOR A
Apr 13 16:35:54 0qKKkjgGSCulmW8XMW2t.xenax-cloud.com freeradius[38916]: PARTICULAR PURPOSE
Apr 13 16:35:54 0qKKkjgGSCulmW8XMW2t.xenax-cloud.com freeradius[38916]: You may redistribute copies of FreeRADIUS under the terms of the
Apr 13 16:35:54 0qKKkjgGSCulmW8XMW2t.xenax-cloud.com freeradius[38916]: GNU General Public License
Apr 13 16:35:54 0qKKkjgGSCulmW8XMW2t.xenax-cloud.com freeradius[38916]: For more information about these matters, see the file named COPYRIGHT
Apr 13 16:35:54 0qKKkjgGSCulmW8XMW2t.xenax-cloud.com freeradius[38916]: Starting - reading configuration files ...
Apr 13 16:35:54 0qKKkjgGSCulmW8XMW2t.xenax-cloud.com freeradius[38916]: /etc/freeradius/3.0/policy.d/openvpn[19]: Expecting section start brace '{' after "reject Invalid username format"
Apr 13 16:35:54 0qKKkjgGSCulmW8XMW2t.xenax-cloud.com freeradius[38916]: Errors reading or parsing /etc/freeradius/3.0/radiusd.conf
Apr 13 16:35:54 0qKKkjgGSCulmW8XMW2t.xenax-cloud.com systemd[1]: freeradius.service: Control process exited, code=exited, status=1/FAILURE
Apr 13 16:35:54 0qKKkjgGSCulmW8XMW2t.xenax-cloud.com systemd[1]: freeradius.service: Failed with result 'exit-code'.
Apr 13 16:35:54 0qKKkjgGSCulmW8XMW2t.xenax-cloud.com systemd[1]: Failed to start FreeRADIUS multi-protocol policy server.
sdworlld@0qKKkjgGSCulmW8XMW2t:~/isp/radius$



sdworlld@0qKKkjgGSCulmW8XMW2t:~/isp/radius$ sudo freeradius -X
FreeRADIUS Version 3.0.26
Copyright (C) 1999-2021 The FreeRADIUS server project and contributors
There is NO warranty; not even for MERCHANTABILITY or FITNESS FOR A
PARTICULAR PURPOSE
You may redistribute copies of FreeRADIUS under the terms of the
GNU General Public License
For more information about these matters, see the file named COPYRIGHT
Starting - reading configuration files ...
including dictionary file /usr/share/freeradius/dictionary
including dictionary file /usr/share/freeradius/dictionary.dhcp
including dictionary file /usr/share/freeradius/dictionary.vqp
including dictionary file /etc/freeradius/3.0/dictionary
including configuration file /etc/freeradius/3.0/radiusd.conf
including configuration file /etc/freeradius/3.0/proxy.conf
including configuration file /etc/freeradius/3.0/clients.conf
including files in directory /etc/freeradius/3.0/mods-enabled/
including configuration file /etc/freeradius/3.0/mods-enabled/digest
including configuration file /etc/freeradius/3.0/mods-enabled/expiration
including configuration file /etc/freeradius/3.0/mods-enabled/soh
including configuration file /etc/freeradius/3.0/mods-enabled/detail.log
including configuration file /etc/freeradius/3.0/mods-enabled/pap
including configuration file /etc/freeradius/3.0/mods-enabled/utf8
including configuration file /etc/freeradius/3.0/mods-enabled/linelog
including configuration file /etc/freeradius/3.0/mods-enabled/always
including configuration file /etc/freeradius/3.0/mods-enabled/ntlm_auth
including configuration file /etc/freeradius/3.0/mods-enabled/expr
including configuration file /etc/freeradius/3.0/mods-enabled/preprocess
including configuration file /etc/freeradius/3.0/mods-enabled/attr_filter
including configuration file /etc/freeradius/3.0/mods-enabled/detail
including configuration file /etc/freeradius/3.0/mods-enabled/files
including configuration file /etc/freeradius/3.0/mods-enabled/sql
including configuration file /etc/freeradius/3.0/mods-config/sql/main/sqlite/queries.conf
including configuration file /etc/freeradius/3.0/mods-enabled/realm
including configuration file /etc/freeradius/3.0/mods-enabled/passwd
including configuration file /etc/freeradius/3.0/mods-enabled/dynamic_clients
including configuration file /etc/freeradius/3.0/mods-enabled/chap
including configuration file /etc/freeradius/3.0/mods-enabled/radutmp
including configuration file /etc/freeradius/3.0/mods-enabled/unpack
including configuration file /etc/freeradius/3.0/mods-enabled/logintime
including configuration file /etc/freeradius/3.0/mods-enabled/unix
including configuration file /etc/freeradius/3.0/mods-enabled/cache_eap
including configuration file /etc/freeradius/3.0/mods-enabled/sradutmp
including configuration file /etc/freeradius/3.0/mods-enabled/echo
including configuration file /etc/freeradius/3.0/mods-enabled/mschap
including configuration file /etc/freeradius/3.0/mods-enabled/replicate
including configuration file /etc/freeradius/3.0/mods-enabled/exec
including configuration file /etc/freeradius/3.0/mods-enabled/eap
including files in directory /etc/freeradius/3.0/policy.d/
including configuration file /etc/freeradius/3.0/policy.d/dhcp
including configuration file /etc/freeradius/3.0/policy.d/debug
including configuration file /etc/freeradius/3.0/policy.d/moonshot-targeted-ids
including configuration file /etc/freeradius/3.0/policy.d/abfab-tr
including configuration file /etc/freeradius/3.0/policy.d/filter
including configuration file /etc/freeradius/3.0/policy.d/cui
including configuration file /etc/freeradius/3.0/policy.d/openvpn
/etc/freeradius/3.0/policy.d/openvpn[19]: Expecting section start brace '{' after "reject Invalid username format"
Errors reading or parsing /etc/freeradius/3.0/radiusd.conf
sdworlld@0qKKkjgGSCulmW8XMW2t:~/isp/radius$



sdworlld@0qKKkjgGSCulmW8XMW2t:~/isp/radius$ psql
psql: error: connection to server on socket "/var/run/postgresql/.s.PGSQL.5432" failed: FATAL:  role "sdworlld" does not exist
sdworlld@0qKKkjgGSCulmW8XMW2t:~/isp/radius$